---
source: tui/tests/vt100_chatwidget_snapshot.rs
expression: section_closed
---
 +------------------------------------------------------------------------------------------------+
 |                                              Code                                              |
 +------------------------------------------------------------------------------------------------+
 +Settings ▸ Model--------------------------------------------------------------------------------+
 |                                                                                                |
 | ›  Model              + Select Model & Reasoning --------------------------------------------+ |
 |    Theme              |                                                                      | |
 |    Updates            |  Current model: GPT-5.1-Codex                                        | |
 |    Agents             |  Reasoning effort: Medium                                            | |
 |    Auto Drive         |                                                                      | |
 |    Review             |  GPT-5.1-Codex                                                       | |
 |    Planning           |  Optimized for Code.                                                 | |
 |    Validation         |     High - Maximizes reasoning depth for complex or ambiguous proble | |
 |    Chrome             |     Medium (current) - Dynamically adjusts reasoning based on the ta | |
 |    MCP                |     Low - Fastest responses with limited reasoning                   | |
 |    Notifications      |                                                                      | |
 |    Limits             |  GPT-5.1-Codex-Mini                                                  | |
 |                       |                                                                      | |
 |                       +----------------------------------------------------------------------+ |
 | ↑ ↓ Move    Enter Open    Esc Close    ? Help                                                  |
 |                                                                                                |
 +------------------------------------------------------------------------------------------------+

 +------------------------------------------------------------------------------------------------+
 | What can I code for you today?                                                                 |
 +------------------------------------------------------------------------------------------------+
   Read Only  (Shift+Tab change)                                           Ctrl+H help  •  API key
