---
source: tui/tests/vt100_chatwidget_snapshot.rs
assertion_line: 1982
expression: section_open
---
 +------------------------------------------------------------------------------------------------+
 |                                              Code                                              |
 +------------------------------------------------------------------------------------------------+
 +Settings ▸ Model--------------------------------------------------------------------------------+
 |                                                                                                |
 | ›  Model              + Select Model & Reasoning --------------------------------------------+ |
 |    Theme              |                                                                      | |
 |    Updates            |  Curren+------------------------------+                              | |
 |    Agents             |  Reason|Model Shortcuts               |                              | |
 |    Auto Drive         |        |                              |                              | |
 |    Review             |  GPT-5-|• Esc    Return to overview   |                              | |
 |    Validation         |     Hig|• Tab    Cycle sections       |solving difficult problems. ( | |
 |    GitHub             |     Med|• Shift+Tab  Cycle backwards  |ng. Ideal for most tasks. (de | |
 |    Chrome             |     Low|• ?      Toggle this help     |y in simple code bases. (fast | |
 |    MCP                |        |                              |                              | |
 |    Notifications      |  GPT-5 |Press Esc to close            |                              | |
 |    Limits             |     Hig+------------------------------+solving difficult problems. ( | |
 |                       |                                                                      | |
 |                       +----------------------------------------------------------------------+ |
 | ↑ ↓ Move    Enter Open    Esc Close    ? Help                                                  |
 |                                                                                                |
 +------------------------------------------------------------------------------------------------+

 +------------------------------------------------------------------------------------------------+
 | What can I code for you today?                                                                 |
 +------------------------------------------------------------------------------------------------+
   Read Only  (Shift+Tab change)                                           Ctrl+H help  •  API key
