---
source: tui/tests/vt100_chatwidget_snapshot.rs
expression: section_closed
---
 +------------------------------------------------------------------------------------------------+
 |                                              Code                                              |
 +------------------------------------------------------------------------------------------------+
 +Settings ▸ Model--------------------------------------------------------------------------------+
 |                                                                                                |
 | ›  Model              + Select Model & Reasoning --------------------------------------------+ |
 |    Theme              |                                                                      | |
 |    Updates            |  Current model: GPT-5.1-Codex-Max                                    | |
 |    Agents             |  Reasoning effort: Medium                                            | |
 |    Prompts            |                                                                      | |
 |    Auto Drive         |  GPT-5.2                                                             | |
 |    Review             |  Latest frontier model with improvements across knowledge, reasoning | |
 |    Planning           |     XHigh - Extra high reasoning depth for complex problems          | |
 |    Validation         |     High - Maximizes reasoning depth for complex or ambiguous proble | |
 |    Chrome             |     Medium - Provides a solid balance of reasoning depth and latency | |
 |    MCP                |     Low - Balances speed with some reasoning; useful for straightfor | |
 |    Notifications      |                                                                      | |
 |    Limits             |                                                                      | |
 |                       +----------------------------------------------------------------------+ |
 | ↑ ↓ Move    Enter Open    Esc Close    ? Help                                                  |
 |                                                                                                |
 +------------------------------------------------------------------------------------------------+

 +------------------------------------------------------------------------------------------------+
 | What can I code for you today?                                                                 |
 +------------------------------------------------------------------------------------------------+
 Read Only  (Shift+Tab change)                                            Ctrl+G guide  •  API key
