---
source: tui/tests/vt100_chatwidget_snapshot.rs
expression: section_closed
---
 +------------------------------------------------------------------------------------------------+
 |                                           Every Code                                           |
 +------------------------------------------------------------------------------------------------+
 +Settings ▸ Model--------------------------------------------------------------------------------+
 |                                                                                                |
 | ›  Model              + Select Model & Reasoning --------------------------------------------+ |
 |    Theme              |                                                                      | |
 |    Updates            |  Current model: GPT-5.3-Codex                                        | |
 |    Accounts           |  Reasoning effort: Medium                                            | |
 |    Agents             |                                                                      | |
 |    Prompts            |  Fast mode                                                           | |
 |    Memories           |  Same model, but 1.5x faster responses (uses 2x credits)             | |
 |    Skills             |  › Fast mode: enabled                                                | |
 |    Auto Drive         |                                                                      | |
 |    Review             |  GPT-5.4                                                             | |
 |    Planning           |                                                                      | |
 |    Validation         |  ↑↓ Navigate  Enter Select  Esc Cancel                               | |
 |    Chrome             |                                                                      | |
 |  ↓ MCP                +----------------------------------------------------------------------+ |
 | ↑ ↓ Move    Enter Open    Esc Close    ? Help                                                  |
 |                                                                                                |
 +------------------------------------------------------------------------------------------------+

 +------------------------------------------------------------------------------------------------+
 | What can I code for you today?                                                                 |
 +------------------------------------------------------------------------------------------------+
 Read Only  (Shift+Tab change)                                           Ctrl+G editor  •  API key
