---
source: tui/tests/vt100_chatwidget_snapshot.rs
expression: section_open
---
 +------------------------------------------------------------------------------------------------+
 |                                              Code                                              |
 +------------------------------------------------------------------------------------------------+
 +Settings ▸ Model--------------------------------------------------------------------------------+
 |                                                                                                |
 | ›  Model              + Select Model & Reasoning --------------------------------------------+ |
 |    Theme              |                                                                      | |
 |    Updates            |  Curren+------------------------------+                              | |
 |    Agents             |  Reason|Model Shortcuts               |                              | |
 |    Prompts            |        |                              |                              | |
 |    Auto Drive         |  GPT-5.|• Esc    Return to overview   |                              | |
 |    Review             |  Optimi|• Tab    Cycle sections       |                              | |
 |    Planning           |     Hig|• Shift+Tab  Cycle backwards  |r complex or ambiguous proble | |
 |    Validation         |     Med|• ?      Toggle this help     |sts reasoning based on the ta | |
 |    Chrome             |     Low|                              |d reasoning                   | |
 |    MCP                |        |Press Esc to close            |                              | |
 |    Notifications      |  GPT-5.+------------------------------+                              | |
 |    Limits             |                                                                      | |
 |                       +----------------------------------------------------------------------+ |
 | ↑ ↓ Move    Enter Open    Esc Close    ? Help                                                  |
 |                                                                                                |
 +------------------------------------------------------------------------------------------------+

 +------------------------------------------------------------------------------------------------+
 | What can I code for you today?                                                                 |
 +------------------------------------------------------------------------------------------------+
 Read Only  (Shift+Tab change)                                            Ctrl+G guide  •  API key
